Its a test log